\BOOKMARK [0][-]{chapter*.2}{\376\377\000S\000t\000a\000t\000e\000m\000e\000n\000t\000\040\000o\000f\000\040\000C\000o\000n\000t\000r\000i\000b\000u\000t\000i\000o\000n\000s}{}% 1
\BOOKMARK [0][-]{chapter.7}{\376\377\000I\000n\000t\000r\000o\000d\000u\000c\000t\000i\000o\000n}{}% 2
\BOOKMARK [1][-]{section.8}{\376\377\000M\000o\000d\000e\000r\000n\000\040\000C\000y\000b\000e\000r\000\040\000T\000h\000r\000e\000a\000t\000\040\000L\000a\000n\000d\000s\000c\000a\000p\000e}{chapter.7}% 3
\BOOKMARK [1][-]{section.10}{\376\377\000S\000c\000o\000p\000e\000\040\000a\000n\000d\000\040\000F\000o\000c\000u\000s}{chapter.7}% 4
\BOOKMARK [1][-]{section.14}{\376\377\000K\000e\000y\000\040\000C\000o\000n\000t\000r\000i\000b\000u\000t\000i\000o\000n\000s\000\040\000o\000f\000\040\000T\000h\000i\000s\000\040\000R\000e\000p\000o\000r\000t}{chapter.7}% 5
\BOOKMARK [1][-]{section.15}{\376\377\000R\000e\000p\000o\000r\000t\000\040\000O\000r\000g\000a\000n\000i\000z\000a\000t\000i\000o\000n}{chapter.7}% 6
\BOOKMARK [0][-]{chapter.16}{\376\377\000P\000r\000e\000l\000i\000m\000i\000n\000a\000r\000i\000e\000s\000,\000\040\000B\000a\000c\000k\000g\000r\000o\000u\000n\000d\000,\000\040\000a\000n\000d\000\040\000R\000e\000l\000a\000t\000e\000d\000\040\000W\000o\000r\000k}{}% 7
\BOOKMARK [1][-]{section.18}{\376\377\000P\000r\000e\000l\000i\000m\000i\000n\000a\000r\000i\000e\000s\000\040\000a\000n\000d\000\040\000B\000a\000s\000i\000c\000\040\000N\000o\000t\000i\000o\000n\000s}{chapter.16}% 8
\BOOKMARK [1][-]{section.19}{\376\377\000T\000h\000r\000e\000a\000t\000\040\000C\000o\000n\000t\000e\000x\000t\000\040\000f\000o\000r\000\040\000S\000u\000p\000p\000l\000y\000\040\000C\000h\000a\000i\000n\000s}{chapter.16}% 9
\BOOKMARK [1][-]{section.21}{\376\377\000R\000e\000l\000a\000t\000e\000d\000\040\000W\000o\000r\000k}{chapter.16}% 10
\BOOKMARK [1][-]{section.22}{\376\377\000W\000h\000y\000\040\000E\000x\000i\000s\000t\000i\000n\000g\000\040\000T\000r\000u\000s\000t\000\040\000M\000o\000d\000e\000l\000s\000\040\000F\000a\000i\000l}{chapter.16}% 11
\BOOKMARK [0][-]{chapter.23}{\376\377\000C\000a\000s\000e\000\040\000S\000t\000u\000d\000y\000\040\000a\000n\000d\000\040\000P\000r\000o\000b\000l\000e\000m\000\040\000S\000t\000a\000t\000e\000m\000e\000n\000t}{}% 12
\BOOKMARK [1][-]{section.25}{\376\377\000C\000a\000s\000e\000\040\000S\000t\000u\000d\000y\000:\000\040\000X\000Z\000\040\000U\000t\000i\000l\000s\000\040\000B\000a\000c\000k\000d\000o\000o\000r\000\040\000\050\0002\0000\0002\0004\000\051}{chapter.23}% 13
\BOOKMARK [1][-]{section.27}{\376\377\000A\000t\000t\000a\000c\000k\000\040\000P\000a\000t\000h\000\040\000a\000n\000d\000\040\000S\000e\000c\000u\000r\000i\000t\000y\000\040\000I\000n\000s\000i\000g\000h\000t}{chapter.23}% 14
\BOOKMARK [1][-]{section.31}{\376\377\000P\000r\000o\000b\000l\000e\000m\000\040\000S\000t\000a\000t\000e\000m\000e\000n\000t}{chapter.23}% 15
\BOOKMARK [1][-]{section.32}{\376\377\000W\000h\000y\000\040\000T\000h\000i\000s\000\040\000M\000a\000t\000t\000e\000r\000s}{chapter.23}% 16
\BOOKMARK [0][-]{chapter.33}{\376\377\000I\000n\000-\000d\000e\000p\000t\000h\000\040\000D\000i\000s\000c\000u\000s\000s\000i\000o\000n\000\040\000o\000f\000\040\000E\000x\000i\000s\000t\000i\000n\000g\000\040\000a\000n\000d\000\040\000P\000r\000o\000p\000o\000s\000e\000d\000\040\000S\000o\000l\000u\000t\000i\000o\000n\000s}{}% 17
\BOOKMARK [1][-]{section.35}{\376\377\000E\000x\000i\000s\000t\000i\000n\000g\000\040\000S\000o\000l\000u\000t\000i\000o\000n\000\040\000F\000a\000m\000i\000l\000i\000e\000s}{chapter.33}% 18
\BOOKMARK [1][-]{section.40}{\376\377\000D\000e\000p\000e\000n\000d\000e\000n\000c\000y\000\040\000C\000o\000n\000f\000u\000s\000i\000o\000n\000\040\000a\000n\000d\000\040\000S\000o\000u\000r\000c\000e\000-\000b\000a\000s\000e\000d\000\040\000R\000i\000s\000k\000\040\000A\000s\000s\000e\000s\000s\000m\000e\000n\000t}{chapter.33}% 19
\BOOKMARK [1][-]{section.41}{\376\377\000P\000r\000o\000p\000o\000s\000e\000d\000\040\000L\000a\000y\000e\000r\000e\000d\000\040\000M\000i\000t\000i\000g\000a\000t\000i\000o\000n\000\040\000F\000r\000a\000m\000e\000w\000o\000r\000k}{chapter.33}% 20
\BOOKMARK [1][-]{section.43}{\376\377\000M\000i\000t\000i\000g\000a\000t\000i\000o\000n\000\040\000L\000i\000m\000i\000t\000s\000\040\000a\000n\000d\000\040\000P\000r\000a\000c\000t\000i\000c\000a\000l\000\040\000C\000o\000n\000s\000t\000r\000a\000i\000n\000t\000s}{chapter.33}% 21
\BOOKMARK [1][-]{section.44}{\376\377\000C\000h\000a\000p\000t\000e\000r\000\040\000S\000u\000m\000m\000a\000r\000y}{chapter.33}% 22
\BOOKMARK [0][-]{chapter.45}{\376\377\000C\000o\000n\000c\000l\000u\000s\000i\000o\000n\000\040\000a\000n\000d\000\040\000F\000u\000t\000u\000r\000e\000\040\000W\000o\000r\000k}{}% 23
\BOOKMARK [1][-]{section.47}{\376\377\000C\000o\000n\000c\000l\000u\000s\000i\000o\000n}{chapter.45}% 24
\BOOKMARK [1][-]{section.48}{\376\377\000F\000u\000t\000u\000r\000e\000\040\000W\000o\000r\000k}{chapter.45}% 25
\BOOKMARK [0][-]{appendix.54}{\376\377\000S\000u\000p\000p\000l\000e\000m\000e\000n\000t\000a\000r\000y\000\040\000M\000a\000t\000e\000r\000i\000a\000l\000\040\000a\000n\000d\000\040\000S\000o\000u\000r\000c\000e\000\040\000S\000n\000i\000p\000p\000e\000t\000s}{}% 26
\BOOKMARK [1][-]{section.55}{\376\377\000E\000x\000a\000m\000p\000l\000e\000\040\000D\000e\000p\000e\000n\000d\000e\000n\000c\000y\000\040\000P\000o\000l\000i\000c\000y\000\040\000S\000c\000r\000i\000p\000t}{appendix.54}% 27
\BOOKMARK [1][-]{section.86}{\376\377\000E\000x\000a\000m\000p\000l\000e\000\040\000C\000I\000\040\000S\000e\000c\000u\000r\000i\000t\000y\000\040\000G\000a\000t\000e}{appendix.54}% 28
